Following model downloaded using openvino 2019R3 model downloader[All precision]

1. python downloader.py --name gaze-estimation-adas-0002 -o "outdirepath\git_ign\models\

2. python downloader.py --name face-detection-adas-binary-0001 -o "outdirepath\git_ign\models\

3. python downloader.py --name head-pose-estimation-adas-0001 -o "outdirepath\git_ign\models\

4. python downloader.py --name landmarks-regression-retail-0009 -o "outdirepath\git_ign\models\

============================ OUPUT =========================================

C:\Program Files (x86)\IntelSWTools\openvino_2019.3.379\deployment_tools\open_model_zoo\tools\model_downloader>downloader.py --gaze-estimation-adas-0002 --precisions all -o "D:\edx\Intel_A_I\NanoDegree  Intel Edge AI for IoT Developers\Code and Project\ND_Computer Pointer Controller\git_ign\models\
error: unrecognized arguments: --gaze-estimation-adas-0002
usage: downloader.py [-h] [-c CONFIG.YML] [--name PAT[,PAT...]]
                     [--list FILE.LST] [--all] [--print_all]
                     [--precisions PREC[,PREC...]] [-o DIR] [--cache_dir DIR]
                     [--num_attempts N] [--progress_format {text,json}]

optional arguments:
  -h, --help            show this help message and exit
  -c CONFIG.YML, --config CONFIG.YML
                        model configuration file (deprecated)
  --name PAT[,PAT...]   download only models whose names match at least one of
                        the specified patterns
  --list FILE.LST       download only models whose names match at least one of
                        the patterns in the specified file
  --all                 download all available models
  --print_all           print all available models
  --precisions PREC[,PREC...]
                        download only models with the specified precisions
                        (actual for DLDT networks)
  -o DIR, --output_dir DIR
                        path where to save models
  --cache_dir DIR       directory to use as a cache for downloaded files
  --num_attempts N      attempt each download up to N times
  --progress_format {text,json}
                        which format to use for progress reporting

C:\Program Files (x86)\IntelSWTools\openvino_2019.3.379\deployment_tools\open_model_zoo\tools\model_downloader>downloader.py --name gaze-estimation-adas-0002 --precisions all -o "D:\edx\Intel_A_I\NanoDegree  Intel Edge AI for IoT Developers\Code and Project\ND_Computer Pointer Controller\git_ign\models\
Unknown precisions specified: all.

C:\Program Files (x86)\IntelSWTools\openvino_2019.3.379\deployment_tools\open_model_zoo\tools\model_downloader>downloader.py --name gaze-estimation-adas-0002 -o "D:\edx\Intel_A_I\NanoDegree  Intel Edge AI for IoT Developers\Code and Project\ND_Computer Pointer Controller\git_ign\models\
################|| Downloading models ||################

========== Downloading D:\edx\Intel_A_I\NanoDegree  Intel Edge AI for IoT Developers\Code and Project\ND_Computer Pointer Controller\git_ign\models\intel\gaze-estimation-adas-0002\FP32\gaze-estimation-adas-0002.xml


========== Downloading D:\edx\Intel_A_I\NanoDegree  Intel Edge AI for IoT Developers\Code and Project\ND_Computer Pointer Controller\git_ign\models\intel\gaze-estimation-adas-0002\FP32\gaze-estimation-adas-0002.bin
... 100%, 7352 KB, 1430 KB/s, 5 seconds passed

========== Downloading D:\edx\Intel_A_I\NanoDegree  Intel Edge AI for IoT Developers\Code and Project\ND_Computer Pointer Controller\git_ign\models\intel\gaze-estimation-adas-0002\FP16\gaze-estimation-adas-0002.xml


========== Downloading D:\edx\Intel_A_I\NanoDegree  Intel Edge AI for IoT Developers\Code and Project\ND_Computer Pointer Controller\git_ign\models\intel\gaze-estimation-adas-0002\FP16\gaze-estimation-adas-0002.bin
... 100%, 3676 KB, 1668 KB/s, 2 seconds passed

========== Downloading D:\edx\Intel_A_I\NanoDegree  Intel Edge AI for IoT Developers\Code and Project\ND_Computer Pointer Controller\git_ign\models\intel\gaze-estimation-adas-0002\INT8\gaze-estimation-adas-0002.xml


========== Downloading D:\edx\Intel_A_I\NanoDegree  Intel Edge AI for IoT Developers\Code and Project\ND_Computer Pointer Controller\git_ign\models\intel\gaze-estimation-adas-0002\INT8\gaze-estimation-adas-0002.bin
... 100%, 7352 KB, 2230 KB/s, 3 seconds passed

################|| Post-processing ||################


C:\Program Files (x86)\IntelSWTools\openvino_2019.3.379\deployment_tools\open_model_zoo\tools\model_downloader>downloader.py --name face-detection-adas-binary-0001 -o "D:\edx\Intel_A_I\NanoDegree  Intel Edge AI for IoT Developers\Code and Project\ND_Computer Pointer Controller\git_ign\models\
################|| Downloading models ||################

========== Downloading D:\edx\Intel_A_I\NanoDegree  Intel Edge AI for IoT Developers\Code and Project\ND_Computer Pointer Controller\git_ign\models\intel\face-detection-adas-binary-0001\INT1\face-detection-adas-binary-0001.xml


========== Downloading D:\edx\Intel_A_I\NanoDegree  Intel Edge AI for IoT Developers\Code and Project\ND_Computer Pointer Controller\git_ign\models\intel\face-detection-adas-binary-0001\INT1\face-detection-adas-binary-0001.bin
... 100%, 1797 KB, 1045 KB/s, 1 seconds passed

################|| Post-processing ||################


C:\Program Files (x86)\IntelSWTools\openvino_2019.3.379\deployment_tools\open_model_zoo\tools\model_downloader>downloader.py --name head-pose-estimation-adas-0001 -o "D:\edx\Intel_A_I\NanoDegree  Intel Edge AI for IoT Developers\Code and Project\ND_Computer Pointer Controller\git_ign\models\
################|| Downloading models ||################

========== Downloading D:\edx\Intel_A_I\NanoDegree  Intel Edge AI for IoT Developers\Code and Project\ND_Computer Pointer Controller\git_ign\models\intel\head-pose-estimation-adas-0001\FP32\head-pose-estimation-adas-0001.xml


========== Downloading D:\edx\Intel_A_I\NanoDegree  Intel Edge AI for IoT Developers\Code and Project\ND_Computer Pointer Controller\git_ign\models\intel\head-pose-estimation-adas-0001\FP32\head-pose-estimation-adas-0001.bin
... 100%, 7466 KB, 1430 KB/s, 5 seconds passed

========== Downloading D:\edx\Intel_A_I\NanoDegree  Intel Edge AI for IoT Developers\Code and Project\ND_Computer Pointer Controller\git_ign\models\intel\head-pose-estimation-adas-0001\FP16\head-pose-estimation-adas-0001.xml


========== Downloading D:\edx\Intel_A_I\NanoDegree  Intel Edge AI for IoT Developers\Code and Project\ND_Computer Pointer Controller\git_ign\models\intel\head-pose-estimation-adas-0001\FP16\head-pose-estimation-adas-0001.bin
... 100%, 3733 KB, 1194 KB/s, 3 seconds passed

################|| Post-processing ||################


C:\Program Files (x86)\IntelSWTools\openvino_2019.3.379\deployment_tools\open_model_zoo\tools\model_downloader>downloader.py --name landmarks-regression-retail-0009 -o "D:\edx\Intel_A_I\NanoDegree  Intel Edge AI for IoT Developers\Code and Project\ND_Computer Pointer Controller\git_ign\models\
################|| Downloading models ||################

========== Downloading D:\edx\Intel_A_I\NanoDegree  Intel Edge AI for IoT Developers\Code and Project\ND_Computer Pointer Controller\git_ign\models\intel\landmarks-regression-retail-0009\FP32\landmarks-regression-retail-0009.xml


========== Downloading D:\edx\Intel_A_I\NanoDegree  Intel Edge AI for IoT Developers\Code and Project\ND_Computer Pointer Controller\git_ign\models\intel\landmarks-regression-retail-0009\FP32\landmarks-regression-retail-0009.bin
... 100%, 744 KB, 529 KB/s, 1 seconds passed

========== Downloading D:\edx\Intel_A_I\NanoDegree  Intel Edge AI for IoT Developers\Code and Project\ND_Computer Pointer Controller\git_ign\models\intel\landmarks-regression-retail-0009\FP16\landmarks-regression-retail-0009.xml


========== Downloading D:\edx\Intel_A_I\NanoDegree  Intel Edge AI for IoT Developers\Code and Project\ND_Computer Pointer Controller\git_ign\models\intel\landmarks-regression-retail-0009\FP16\landmarks-regression-retail-0009.bin
... 100%, 372 KB, 449 KB/s, 0 seconds passed

################|| Post-processing ||################